[
  {"type":"CommentPreproc","value":"/dts-v1/"},
  {"type":"Punctuation","value":";"},
  {"type":"TextWhitespace","value":"\n\n"},
  {"type":"NameFunction","value":"/"},
  {"type":"CommentMultiline","value":" "},
  {"type":"Punctuation","value":"{"},
  {"type":"TextWhitespace","value":"\n    "},
  {"type":"NameFunction","value":"a-node"},
  {"type":"CommentMultiline","value":" "},
  {"type":"Punctuation","value":"{"},
  {"type":"TextWhitespace","value":"\n        "},
  {"type":"NameLabel","value":"subnode_nodelabel"},
  {"type":"Punctuation","value":":"},
  {"type":"TextWhitespace","value":" "},
  {"type":"NameFunction","value":"a-sub-node"},
  {"type":"CommentMultiline","value":" "},
  {"type":"Punctuation","value":"{"},
  {"type":"TextWhitespace","value":"\n            "},
  {"type":"Name","value":"foo"},
  {"type":"TextWhitespace","value":" "},
  {"type":"Operator","value":"="},
  {"type":"TextWhitespace","value":" "},
  {"type":"Operator","value":"\u003c"},
  {"type":"LiteralNumberInteger","value":"3"},
  {"type":"Operator","value":"\u003e"},
  {"type":"Punctuation","value":";"},
  {"type":"TextWhitespace","value":"\n        "},
  {"type":"Punctuation","value":"};"},
  {"type":"TextWhitespace","value":"\n    "},
  {"type":"Punctuation","value":"};"},
  {"type":"TextWhitespace","value":"\n"},
  {"type":"Punctuation","value":"};"},
  {"type":"TextWhitespace","value":"\n\n"},
  {"type":"NameLabel","value":"gpi_dma2"},
  {"type":"Punctuation","value":":"},
  {"type":"TextWhitespace","value":" "},
  {"type":"NameFunction","value":"dma-controller"},
  {"type":"Operator","value":"@"},
  {"type":"LiteralNumberInteger","value":"a00000"},
  {"type":"CommentMultiline","value":" "},
  {"type":"Punctuation","value":"{"},
  {"type":"TextWhitespace","value":"\n    "},
  {"type":"KeywordReserved","value":"compatible"},
  {"type":"TextWhitespace","value":" "},
  {"type":"Operator","value":"="},
  {"type":"TextWhitespace","value":" "},
  {"type":"LiteralString","value":"\"qcom,sm8550-gpi-dma\""},
  {"type":"Punctuation","value":","},
  {"type":"TextWhitespace","value":" "},
  {"type":"LiteralString","value":"\"qcom,sm6350-gpi-dma\""},
  {"type":"Punctuation","value":";"},
  {"type":"TextWhitespace","value":"\n    "},
  {"type":"KeywordReserved","value":"reg"},
  {"type":"TextWhitespace","value":" "},
  {"type":"Operator","value":"="},
  {"type":"TextWhitespace","value":" "},
  {"type":"Operator","value":"\u003c"},
  {"type":"LiteralNumberHex","value":"0x0"},
  {"type":"TextWhitespace","value":" "},
  {"type":"LiteralNumberHex","value":"0x00a00000"},
  {"type":"TextWhitespace","value":" "},
  {"type":"LiteralNumberHex","value":"0x0"},
  {"type":"TextWhitespace","value":" "},
  {"type":"LiteralNumberHex","value":"0x60000"},
  {"type":"Operator","value":"\u003e"},
  {"type":"Punctuation","value":";"},
  {"type":"TextWhitespace","value":"\n"},
  {"type":"Punctuation","value":"};"},
  {"type":"TextWhitespace","value":"\n"}
]
